******************************************************************************
                  TI ARM Linker PC v20.2.7                     
******************************************************************************
>> Linked Mon Sep 30 18:27:09 2024

OUTPUT FILE NAME:   <LED_Intensity_Control_Using_PWM_From_UART_Commands.out>
ENTRY POINT SYMBOL: "_c_int00"  address: 00004efc


MEMORY CONFIGURATION

         name            origin    length      used     unused   attr    fill
----------------------  --------  ---------  --------  --------  ----  --------
  VECTORS               00000000   00000020  00000020  00000000     X
  FLASH0                00000020   001fffe0  000054b8  001fab28  R  X
  FLASH1                00200000   00200000  00000000  00200000  R  X
  STACKS                08000000   00001500  00000000  00001500  RW  
  RAM                   08001500   0007eb00  00000052  0007eaae  RW  


SEGMENT ALLOCATION MAP

run origin  load origin   length   init length attrs members
----------  ----------- ---------- ----------- ----- -------
00000000    00000000    000052a8   000052a8    r-x
  00000000    00000000    00000020   00000020    r-x .intvecs
  00000020    00000020    00005288   00005288    r-x .text
000052c0    000052c0    00000230   00000230    r--
  000052c0    000052c0    00000200   00000200    r-- .const
  000054c0    000054c0    00000030   00000030    r-- .cinit
08001500    08001500    00000052   00000000    rw-
  08001500    08001500    00000050   00000000    rw- .bss
  08001550    08001550    00000002   00000000    rw- .data


SECTION ALLOCATION MAP

 output                                  attributes/
section   page    origin      length       input sections
--------  ----  ----------  ----------   ----------------
.intvecs   0    00000000    00000020     
                  00000000    00000020     HL_sys_intvecs.obj (.intvecs)

.text      0    00000020    00005288     
                  00000020    000009c0     HL_pinmux.obj (.text)
                  000009e0    00000998     HL_system.obj (.text)
                  00001378    00000938     HL_sys_vim.obj (.text)
                  00001cb0    00000870     HL_sci.obj (.text)
                  00002520    0000078c     HL_esm.obj (.text)
                  00002cac    0000069c     HL_rti.obj (.text)
                  00003348    00000664     HL_errata_SSWF021_45.obj (.text)
                  000039ac    00000484     HL_gio.obj (.text)
                  00003e30    000003c4     HL_sys_core.obj (.text)
                  000041f4    0000036c     HL_sys_mpu.obj (.text)
                  00004560    0000033c     HL_sys_vim.obj (.text:retain)
                  0000489c    0000022c     HL_sys_main.obj (.text)
                  00004ac8    00000180     rtsv7R4_A_be_v3D16_eabi.lib : memcpy32.asm.obj (.text)
                  00004c48    00000178     HL_esm.obj (.text:retain)
                  00004dc0    0000013c     rtsv7R4_A_be_v3D16_eabi.lib : s_floor.c.obj (.text:floor)
                  00004efc    000000d8     HL_sys_startup.obj (.text:retain)
                  00004fd4    000000a0     HL_rti.obj (.text:retain)
                  00005074    0000009c     HL_notification.obj (.text)
                  00005110    00000090     rtsv7R4_A_be_v3D16_eabi.lib : copy_decompress_lzss.c.obj (.text:decompress:lzss:__TI_decompress_lzss)
                  000051a0    00000068                                 : autoinit.c.obj (.text:__TI_auto_init_nobinit_nopinit:__TI_auto_init_nobinit_nopinit)
                  00005208    00000050                                 : u_div32.asm.obj (.text)
                  00005258    00000028                                 : copy_zero_init.c.obj (.text:decompress:ZI:__TI_zero_init_nomemset:__TI_zero_init_nomemset)
                  00005280    00000014                                 : copy_decompress_none.c.obj (.text:decompress:none:__TI_decompress_none)
                  00005294    00000008                                 : exit.c.obj (.text:abort:abort)
                  0000529c    00000004     HL_sys_startup.obj (.text)
                  000052a0    00000004     HL_sys_phantom.obj (.text:retain)
                  000052a4    00000004     rtsv7R4_A_be_v3D16_eabi.lib : div0.asm.obj (.text)

.const     0    000052c0    00000200     
                  000052c0    00000200     HL_sys_vim.obj (.const:s_vim_init)

.cinit     0    000054c0    00000030     
                  000054c0    0000000c     (__TI_handler_table)
                  000054cc    00000004     --HOLE-- [fill = 0]
                  000054d0    00000008     (.cinit..bss.load) [load image, compression = zero_init]
                  000054d8    00000006     (.cinit..data.load) [load image, compression = lzss]
                  000054de    00000002     --HOLE-- [fill = 0]
                  000054e0    00000010     (__TI_cinit_table)

.bss       0    08001500    00000050     UNINITIALIZED
                  08001500    00000050     HL_sci.obj (.bss:g_sciTransfer_t)

.data      0    08001550    00000002     UNINITIALIZED
                  08001550    00000002     HL_sys_main.obj (.data)

__llvm_prf_cnts 
*          0    08001500    00000000     UNINITIALIZED

MODULE SUMMARY

       Module                       code    ro data   rw data
       ------                       ----    -------   -------
    .\source\
       HL_sys_vim.obj               3188    512       0      
       HL_pinmux.obj                2496    0         0      
       HL_system.obj                2456    0         0      
       HL_esm.obj                   2308    0         0      
       HL_sci.obj                   2160    0         80     
       HL_rti.obj                   1852    0         0      
       HL_errata_SSWF021_45.obj     1636    0         0      
       HL_gio.obj                   1156    0         0      
       HL_sys_core.obj              964     0         0      
       HL_sys_mpu.obj               876     0         0      
       HL_sys_main.obj              556     0         2      
       HL_sys_startup.obj           220     0         0      
       HL_notification.obj          156     0         0      
       HL_sys_intvecs.obj           32      0         0      
       HL_sys_phantom.obj           4       0         0      
    +--+----------------------------+-------+---------+---------+
       Total:                       20060   512       82     
                                                             
    C:\ti\ccs1250\ccs\tools\compiler\ti-cgt-arm_20.2.7.LTS\lib\rtsv7R4_A_be_v3D16_eabi.lib
       memcpy32.asm.obj             384     0         0      
       s_floor.c.obj                316     0         0      
       copy_decompress_lzss.c.obj   144     0         0      
       autoinit.c.obj               104     0         0      
       u_div32.asm.obj              80      0         0      
       copy_zero_init.c.obj         40      0         0      
       copy_decompress_none.c.obj   20      0         0      
       exit.c.obj                   8       0         0      
       div0.asm.obj                 4       0         0      
    +--+----------------------------+-------+---------+---------+
       Total:                       1100    0         0      
                                                             
       Linker Generated:            0       42        0      
    +--+----------------------------+-------+---------+---------+
       Grand Total:                 21160   554       82     


LINKER GENERATED COPY TABLES

__TI_cinit_table @ 000054e0 records: 2, size/record: 8, table size: 16
	.bss: load addr=000054d0, load size=00000008 bytes, run addr=08001500, run size=00000050 bytes, compression=zero_init
	.data: load addr=000054d8, load size=00000006 bytes, run addr=08001550, run size=00000002 bytes, compression=lzss


LINKER GENERATED HANDLER TABLE

__TI_handler_table @ 000054c0 records: 3, size/record: 4, table size: 12
	index: 0, handler: __TI_zero_init
	index: 1, handler: __TI_decompress_lzss
	index: 2, handler: __TI_decompress_none


GLOBAL SYMBOLS: SORTED ALPHABETICALLY BY Name 

address   name                                
-------   ----                                
00005294  C$$EXIT                             
08001550  Intensity_Value                     
00003078  IsdwdKeySequenceCorrect             
UNDEFED   SHT$$INIT_ARRAY$$Base               
UNDEFED   SHT$$INIT_ARRAY$$Limit              
08001551  Update_Required                     
000054e0  __TI_CINIT_Base                     
000054f0  __TI_CINIT_Limit                    
000054c0  __TI_Handler_Table_Base             
000054cc  __TI_Handler_Table_Limit            
000041ec  __TI_PINIT_Base                     
000041f0  __TI_PINIT_Limit                    
000051a0  __TI_auto_init_nobinit_nopinit      
00005110  __TI_decompress_lzss                
00005280  __TI_decompress_none                
ffffffff  __TI_pprof_out_hndl                 
ffffffff  __TI_prof_data_size                 
ffffffff  __TI_prof_data_start                
00000000  __TI_static_base__                  
00005258  __TI_zero_init_nomemset             
000052a4  __aeabi_idiv0                       
000052a4  __aeabi_ldiv0                       
00004ac8  __aeabi_memcpy                      
00004ac8  __aeabi_memcpy4                     
00004ac8  __aeabi_memcpy8                     
00005208  __aeabi_uidiv                       
00005208  __aeabi_uidivmod                    
ffffffff  __binit__                           
ffffffff  __c_args__                          
08001500  __start___llvm_prf_cnts             
08001500  __stop___llvm_prf_cnts              
00004efc  _c_int00                            
000041a0  _cacheDisable_                      
0000415c  _cacheEnable_                       
0000413c  _checkMemInitOn_                    
00004048  _coreClearAuxiliaryDataFault_       
0000405c  _coreClearAuxiliaryInstructionFault_
00004020  _coreClearDataFaultAddress_         
00003ff8  _coreClearDataFault_                
00004034  _coreClearInstructionFaultAddress_  
0000400c  _coreClearInstructionFault_         
00003fd0  _coreDisableEventBusExport_         
00003fc0  _coreEnableEventBusExport_          
00003fe0  _coreEnableIrqVicOffset_            
00003fa8  _coreEnableVfp_                     
00004040  _coreGetAuxiliaryDataFault_         
00004054  _coreGetAuxiliaryInstructionFault_  
00004018  _coreGetDataFaultAddress_           
00003ff0  _coreGetDataFault_                  
0000402c  _coreGetInstructionFaultAddress_    
00004004  _coreGetInstructionFault_           
00003e30  _coreInitRegisters_                 
00003f3c  _coreInitStackPointer_              
000041c4  _dCacheInvalidate_                  
00004068  _disable_IRQ_interrupt_             
00004070  _enable_IRQ_interrupt_              
00004078  _enable_interrupt_                  
00003348  _errata_SSWF021_45_both_plls        
0000353c  _errata_SSWF021_45_pll1             
000036b4  _errata_SSWF021_45_pll2             
00004080  _esmCcmErrorsClear_                 
00003f88  _getCPSRValue_                      
00003f90  _gotoCPUIdle_                       
000041d8  _iCacheInvalidate_                  
00004108  _memInit_                           
00004508  _mpuAreRegionsSeparate_             
000044ec  _mpuDisableBackgroundRegion_        
000044c4  _mpuDisable_                        
000044dc  _mpuEnableBackgroundRegion_         
000044ac  _mpuEnable_                         
000044fc  _mpuGetNumberOfRegions_             
0000452c  _mpuGetRegionBaseAddress_           
0000454c  _mpuGetRegionPermission_            
00004540  _mpuGetRegionType_                  
0000451c  _mpuGetRegion_                      
000041f4  _mpuInit_                           
00004524  _mpuSetRegionBaseAddress_           
00004558  _mpuSetRegionSizeRegister_          
00004534  _mpuSetRegionTypeAndPermission_     
00004514  _mpuSetRegion_                      
UNDEFED   _system_post_cinit                  
00005294  abort                               
ffffffff  binit                               
000012d0  customTrimLPO                       
000050ac  dmaGroupANotification               
000030e8  dwdClearFlag                        
00002fec  dwdCounterEnable                    
00003050  dwdGenerateSysReset                 
000030b0  dwdGetStatus                        
00003104  dwdGetViolationStatus               
00002f5c  dwdInit                             
00003028  dwdReset                            
00003008  dwdSetPreload                       
00002fd4  dwwdGetCurrentDownCounter           
00002f88  dwwdInit                            
000050fc  epcCAMFullNotification              
00005100  epcFIFOFullNotification             
00002730  esmActivateNormalOperation          
0000287c  esmClearStatus                      
000028e0  esmClearStatusBuffer                
000028bc  esmClearStatusUpper                 
000026dc  esmDisableError                     
00002704  esmDisableErrorUpper                
00002784  esmDisableInterrupt                 
000027ac  esmDisableInterruptUpper            
00002698  esmEnableError                      
000026c0  esmEnableErrorUpper                 
00002740  esmEnableInterrupt                  
00002768  esmEnableInterruptUpper             
00002a10  esmEnterSelfTest                    
0000267c  esmError                            
00002ae8  esmGetConfigValue                   
0000291c  esmGetStatus                        
000029e8  esmGetStatusBuffer                  
000029a0  esmGetStatusUpper                   
00005074  esmGroup1Notification               
00005088  esmGroup2Notification               
0000509c  esmGroup3Notification               
00004c48  esmHighInterrupt                    
00002520  esmInit                             
00002a98  esmSelfTestStatus                   
000028fc  esmSetCounterPreloadValue           
000027c8  esmSetInterruptLevel                
0000283c  esmSetInterruptLevelUpper           
00002720  esmTriggerErrorPinReset             
00004dc0  floor                               
00004dc0  floorl                              
00000d78  getResetSource                      
00003c0c  gioDisableNotification              
00003ba4  gioEnableNotification               
00003b0c  gioGetBit                           
00003c74  gioGetConfigValue                   
00003b34  gioGetPort                          
000039ac  gioInit                             
000050d4  gioNotification                     
00003a9c  gioSetBit                           
00003a7c  gioSetDirection                     
00003aec  gioSetPort                          
00003b4c  gioToggleBit                        
0000529c  handlePLLLockFail                   
0000489c  main                                
00000ba8  mapClocks                           
00004ac8  memcpy                              
00000020  muxInit                             
00000af4  periphInit                          
000052a0  phantomInterrupt                    
00000000  resetEntry                          
00004fd4  rtiCompare0Interrupt                
00005020  rtiCompare1Interrupt                
000031bc  rtiDisableNotification              
00003190  rtiEnableNotification               
000031dc  rtiGetConfigValue                   
00002ec4  rtiGetCurrentTick                   
00002e98  rtiGetPeriod                        
00002cac  rtiInit                             
000048f8  rtiNotification                     
00002e00  rtiResetCounter                     
00002e6c  rtiSetPeriod                        
00002da0  rtiStartCounter                     
00002dd0  rtiStopCounter                      
0000236c  sci1GetConfigValue                  
000021e0  sciDisableLoopback                  
00002294  sciDisableNotification              
000021ac  sciEnableLoopback                   
000021fc  sciEnableNotification               
0000232c  sciEnterResetState                  
0000234c  sciExitResetState                   
00001cb0  sciInit                             
00002024  sciIsIdleDetected                   
00002008  sciIsRxReady                        
00001e58  sciIsTxReady                        
000050e8  sciNotification                     
0000209c  sciReceive                          
00002070  sciReceiveByte                      
00002040  sciRxError                          
00001ea4  sciSend                             
00001e74  sciSendByte                         
00001dbc  sciSetBaudrate                      
00001d9c  sciSetFunctional                    
00000ab4  setupFlash                          
000009e0  setupPLL                            
00000ea0  systemGetConfigValue                
00000cd4  systemInit                          
00000d48  systemPowerDown                     
00000a40  trimLPO                             
0000144c  vimChannelMap                       
000016b8  vimDisableInterrupt                 
00004560  vimECCErrorHandler                  
000014f0  vimEnableInterrupt                  
00001764  vimGetConfigValue                   
00001378  vimInit                             


GLOBAL SYMBOLS: SORTED BY Symbol Address 

address   name                                
-------   ----                                
00000000  __TI_static_base__                  
00000000  resetEntry                          
00000020  muxInit                             
000009e0  setupPLL                            
00000a40  trimLPO                             
00000ab4  setupFlash                          
00000af4  periphInit                          
00000ba8  mapClocks                           
00000cd4  systemInit                          
00000d48  systemPowerDown                     
00000d78  getResetSource                      
00000ea0  systemGetConfigValue                
000012d0  customTrimLPO                       
00001378  vimInit                             
0000144c  vimChannelMap                       
000014f0  vimEnableInterrupt                  
000016b8  vimDisableInterrupt                 
00001764  vimGetConfigValue                   
00001cb0  sciInit                             
00001d9c  sciSetFunctional                    
00001dbc  sciSetBaudrate                      
00001e58  sciIsTxReady                        
00001e74  sciSendByte                         
00001ea4  sciSend                             
00002008  sciIsRxReady                        
00002024  sciIsIdleDetected                   
00002040  sciRxError                          
00002070  sciReceiveByte                      
0000209c  sciReceive                          
000021ac  sciEnableLoopback                   
000021e0  sciDisableLoopback                  
000021fc  sciEnableNotification               
00002294  sciDisableNotification              
0000232c  sciEnterResetState                  
0000234c  sciExitResetState                   
0000236c  sci1GetConfigValue                  
00002520  esmInit                             
0000267c  esmError                            
00002698  esmEnableError                      
000026c0  esmEnableErrorUpper                 
000026dc  esmDisableError                     
00002704  esmDisableErrorUpper                
00002720  esmTriggerErrorPinReset             
00002730  esmActivateNormalOperation          
00002740  esmEnableInterrupt                  
00002768  esmEnableInterruptUpper             
00002784  esmDisableInterrupt                 
000027ac  esmDisableInterruptUpper            
000027c8  esmSetInterruptLevel                
0000283c  esmSetInterruptLevelUpper           
0000287c  esmClearStatus                      
000028bc  esmClearStatusUpper                 
000028e0  esmClearStatusBuffer                
000028fc  esmSetCounterPreloadValue           
0000291c  esmGetStatus                        
000029a0  esmGetStatusUpper                   
000029e8  esmGetStatusBuffer                  
00002a10  esmEnterSelfTest                    
00002a98  esmSelfTestStatus                   
00002ae8  esmGetConfigValue                   
00002cac  rtiInit                             
00002da0  rtiStartCounter                     
00002dd0  rtiStopCounter                      
00002e00  rtiResetCounter                     
00002e6c  rtiSetPeriod                        
00002e98  rtiGetPeriod                        
00002ec4  rtiGetCurrentTick                   
00002f5c  dwdInit                             
00002f88  dwwdInit                            
00002fd4  dwwdGetCurrentDownCounter           
00002fec  dwdCounterEnable                    
00003008  dwdSetPreload                       
00003028  dwdReset                            
00003050  dwdGenerateSysReset                 
00003078  IsdwdKeySequenceCorrect             
000030b0  dwdGetStatus                        
000030e8  dwdClearFlag                        
00003104  dwdGetViolationStatus               
00003190  rtiEnableNotification               
000031bc  rtiDisableNotification              
000031dc  rtiGetConfigValue                   
00003348  _errata_SSWF021_45_both_plls        
0000353c  _errata_SSWF021_45_pll1             
000036b4  _errata_SSWF021_45_pll2             
000039ac  gioInit                             
00003a7c  gioSetDirection                     
00003a9c  gioSetBit                           
00003aec  gioSetPort                          
00003b0c  gioGetBit                           
00003b34  gioGetPort                          
00003b4c  gioToggleBit                        
00003ba4  gioEnableNotification               
00003c0c  gioDisableNotification              
00003c74  gioGetConfigValue                   
00003e30  _coreInitRegisters_                 
00003f3c  _coreInitStackPointer_              
00003f88  _getCPSRValue_                      
00003f90  _gotoCPUIdle_                       
00003fa8  _coreEnableVfp_                     
00003fc0  _coreEnableEventBusExport_          
00003fd0  _coreDisableEventBusExport_         
00003fe0  _coreEnableIrqVicOffset_            
00003ff0  _coreGetDataFault_                  
00003ff8  _coreClearDataFault_                
00004004  _coreGetInstructionFault_           
0000400c  _coreClearInstructionFault_         
00004018  _coreGetDataFaultAddress_           
00004020  _coreClearDataFaultAddress_         
0000402c  _coreGetInstructionFaultAddress_    
00004034  _coreClearInstructionFaultAddress_  
00004040  _coreGetAuxiliaryDataFault_         
00004048  _coreClearAuxiliaryDataFault_       
00004054  _coreGetAuxiliaryInstructionFault_  
0000405c  _coreClearAuxiliaryInstructionFault_
00004068  _disable_IRQ_interrupt_             
00004070  _enable_IRQ_interrupt_              
00004078  _enable_interrupt_                  
00004080  _esmCcmErrorsClear_                 
00004108  _memInit_                           
0000413c  _checkMemInitOn_                    
0000415c  _cacheEnable_                       
000041a0  _cacheDisable_                      
000041c4  _dCacheInvalidate_                  
000041d8  _iCacheInvalidate_                  
000041ec  __TI_PINIT_Base                     
000041f0  __TI_PINIT_Limit                    
000041f4  _mpuInit_                           
000044ac  _mpuEnable_                         
000044c4  _mpuDisable_                        
000044dc  _mpuEnableBackgroundRegion_         
000044ec  _mpuDisableBackgroundRegion_        
000044fc  _mpuGetNumberOfRegions_             
00004508  _mpuAreRegionsSeparate_             
00004514  _mpuSetRegion_                      
0000451c  _mpuGetRegion_                      
00004524  _mpuSetRegionBaseAddress_           
0000452c  _mpuGetRegionBaseAddress_           
00004534  _mpuSetRegionTypeAndPermission_     
00004540  _mpuGetRegionType_                  
0000454c  _mpuGetRegionPermission_            
00004558  _mpuSetRegionSizeRegister_          
00004560  vimECCErrorHandler                  
0000489c  main                                
000048f8  rtiNotification                     
00004ac8  __aeabi_memcpy                      
00004ac8  __aeabi_memcpy4                     
00004ac8  __aeabi_memcpy8                     
00004ac8  memcpy                              
00004c48  esmHighInterrupt                    
00004dc0  floor                               
00004dc0  floorl                              
00004efc  _c_int00                            
00004fd4  rtiCompare0Interrupt                
00005020  rtiCompare1Interrupt                
00005074  esmGroup1Notification               
00005088  esmGroup2Notification               
0000509c  esmGroup3Notification               
000050ac  dmaGroupANotification               
000050d4  gioNotification                     
000050e8  sciNotification                     
000050fc  epcCAMFullNotification              
00005100  epcFIFOFullNotification             
00005110  __TI_decompress_lzss                
000051a0  __TI_auto_init_nobinit_nopinit      
00005208  __aeabi_uidiv                       
00005208  __aeabi_uidivmod                    
00005258  __TI_zero_init_nomemset             
00005280  __TI_decompress_none                
00005294  C$$EXIT                             
00005294  abort                               
0000529c  handlePLLLockFail                   
000052a0  phantomInterrupt                    
000052a4  __aeabi_idiv0                       
000052a4  __aeabi_ldiv0                       
000054c0  __TI_Handler_Table_Base             
000054cc  __TI_Handler_Table_Limit            
000054e0  __TI_CINIT_Base                     
000054f0  __TI_CINIT_Limit                    
08001500  __start___llvm_prf_cnts             
08001500  __stop___llvm_prf_cnts              
08001550  Intensity_Value                     
08001551  Update_Required                     
ffffffff  __TI_pprof_out_hndl                 
ffffffff  __TI_prof_data_size                 
ffffffff  __TI_prof_data_start                
ffffffff  __binit__                           
ffffffff  __c_args__                          
ffffffff  binit                               
UNDEFED   SHT$$INIT_ARRAY$$Base               
UNDEFED   SHT$$INIT_ARRAY$$Limit              
UNDEFED   _system_post_cinit                  

[191 symbols]
